// Jest Snapshot v1, https://goo.gl/fbAQLP

exports[`Component / Chat expect to render Chat component 1`] = `
<div
  className="chatWindow"
>
  <div
    className="chatMessages"
  >
    <Message
      deleteMessage={[Function]}
      key="0"
      message={
        Object {
          "messageid": "1",
          "sent": 2020-01-01T00:00:00.000Z,
          "state": "",
          "text": "Hallo",
          "userid": "1",
          "username": "Max",
        }
      }
      switchToEditMode={[Function]}
      userid="1234"
    />
    <Message
      deleteMessage={[Function]}
      key="1"
      message={
        Object {
          "messageid": "2",
          "sent": 2020-01-01T00:00:00.000Z,
          "state": "DELETED",
          "text": "Hi",
          "userid": "2",
          "username": "John",
        }
      }
      switchToEditMode={[Function]}
      userid="1234"
    />
    <Message
      deleteMessage={[Function]}
      key="2"
      message={
        Object {
          "messageid": "3",
          "sent": 2020-01-01T00:00:00.000Z,
          "state": "EDITED",
          "text": "What's up?",
          "userid": "3",
          "username": "Jeffrey",
        }
      }
      switchToEditMode={[Function]}
      userid="1234"
    />
  </div>
  <div
    className="chatInput"
  >
    <form
      onSubmit={[Function]}
    >
      <input
        onBlur={[Function]}
        onChange={[Function]}
        placeholder="Message"
        type="text"
        value=""
      />
    </form>
  </div>
</div>
`;
