// Jest Snapshot v1, https://goo.gl/fbAQLP

exports[`<Tabs /> expect to render Tabs component 1`] = `
<Tabs
  participantNumber={8}
  selected={2}
  setselected={[MockFunction]}
>
  <div
    className="tabs"
  >
    <Tab
      selected={2}
      setselected={[MockFunction]}
      tabIndex="Userlist"
      tabName="Participants (8)"
    >
      <div
        className="tab "
        onClick={[Function]}
      >
        <p>
          Participants (8)
        </p>
      </div>
    </Tab>
    <Tab
      selected={2}
      setselected={[MockFunction]}
      tabIndex="Chat"
      tabName="Chat"
    >
      <div
        className="tab "
        onClick={[Function]}
      >
        <p>
          Chat
        </p>
      </div>
    </Tab>
  </div>
</Tabs>
`;
