// Jest Snapshot v1, https://goo.gl/fbAQLP

exports[`Container / ChatContainer expect to render ChatContainer container 1`] = `
<div
  className="chatcontainer"
>
  <Tabs
    participantNumber={0}
    selected={2}
    setselected={[Function]}
  />
  <Chat
    deleteMessage={[Function]}
    editMessage={[Function]}
    messages={Array []}
    sendMessage={[Function]}
    userid=""
  />
</div>
`;
