// Jest Snapshot v1, https://goo.gl/fbAQLP

exports[`Container / ChatContainer expect to render ChatContainer container 1`] = `
<div
  className="chatcontainer"
>
  <Suspense
    fallback={
      <div
        style={
          Object {
            "textAlign": "center",
          }
        }
      >
         Loading...
      </div>
    }
  >
    <lazy
      participantNumber={0}
      selected={2}
      setselected={[Function]}
    />
    <lazy
      deleteMessage={[Function]}
      editMessage={[Function]}
      messages={Array []}
      sendMessage={[Function]}
      userid=""
    />
  </Suspense>
</div>
`;
