// Jest Snapshot v1, https://goo.gl/fbAQLP

exports[`Component / LogIn expect to render LogIn component 1`] = `
<div
  className="login"
>
  <p>
    Please type in your name to join:
  </p>
  <form
    onSubmit={[Function]}
  >
    <input
      onChange={[Function]}
    />
    <button
      type="submit"
    >
      Join
    </button>
  </form>
</div>
`;
